// Jest Snapshot v1, https://goo.gl/fbAQLP

exports[`DialogBox Component Snapshot test Renders the UI as expected 1`] = `
<section>
  <div
    className="fullscreen-bg"
  >
    <video
      autoPlay={true}
      className="fullscreen-bg__video"
      loop={true}
      muted={true}
      playsinline={true}
      src="cutscene_start.mp4"
      type="video.mp4"
    />
    <p>
      click to start
    </p>
  </div>
  <button
    className="startButton"
    onClick={[Function]}
    type="button"
  />
</section>
`;
