// Jest Snapshot v1, https://goo.gl/fbAQLP

exports[`Header Component Snapshot test Renders the UI as expected 1`] = `
<header
  className="Header"
>
  <nav>
    <ul
      className="nav-bar"
    >
      <li>
        <a
          href="/"
          onClick={[Function]}
        >
          Login
        </a>
      </li>
      <li>
        <a
          href="/register"
          onClick={[Function]}
        >
          Sign up
        </a>
      </li>
    </ul>
  </nav>
</header>
`;
