// Jest Snapshot v1, https://goo.gl/fbAQLP

exports[`HealthMeter Component Snapshot test Renders the UI as expected 1`] = `
<div
  className="title-barContainer"
>
  <p>
    Health:
  </p>
  <div
    className="barContainer"
  >
    <div
      style={
        Object {
          "backgroundColor": "#ab111b",
          "borderRadius": "10px",
          "height": "100%",
          "textAlign": "right",
          "transition": "0.25s",
          "width": "undefined%",
        }
      }
    >
      <span
        className="barLabel"
      >
        undefined
      </span>
    </div>
  </div>
</div>
`;
