// Jest Snapshot v1, https://goo.gl/fbAQLP

exports[`MainGame Component Snapshot test Renders the UI as expected 1`] = `
<section
  className="MainGame"
>
  <section
    className="GameWindow"
    onKeyDown={[Function]}
    tabIndex={0}
  >
    <img
      alt="background"
      className="cells"
      src="images/grid/draft1nogrid.png"
    />
    <div
      className="cells"
    >
      <div
        className="cell"
        onClick={[Function]}
      />
      <div
        className="cell"
        onClick={[Function]}
      />
      <div
        className="cell"
        onClick={[Function]}
      />
      <div
        className="cell"
        onClick={[Function]}
      />
      <div
        className="cell"
        onClick={[Function]}
      />
      <div
        className="cell"
        onClick={[Function]}
      />
      <div
        className="cell"
        onClick={[Function]}
      />
      <div
        className="cell"
        onClick={[Function]}
      />
      <div
        className="cell"
        onClick={[Function]}
      />
      <div
        className="cell"
        onClick={[Function]}
      />
      <div
        className="cell"
        onClick={[Function]}
      />
      <div
        className="cell"
        onClick={[Function]}
      />
      <div
        className="action-cell"
        onClick={[Function]}
      >
        <img
          alt="action"
          src="images/pixel-elements/exclamation.png"
        />
      </div>
      <div
        className="cell"
        onClick={[Function]}
      />
      <div
        className="cell"
        onClick={[Function]}
      />
      <div
        className="action-cell"
        onClick={[Function]}
      >
        <img
          alt="action"
          src="images/pixel-elements/exclamation.png"
        />
      </div>
      <div
        className="cell"
        onClick={[Function]}
      />
      <div
        className="cell"
        onClick={[Function]}
      />
      <div
        className="cell"
        onClick={[Function]}
      />
      <div
        className="cell"
        onClick={[Function]}
      />
      <div
        className="cell"
        onClick={[Function]}
      />
      <div
        className="cell"
        onClick={[Function]}
      />
      <div
        className="cell"
        onClick={[Function]}
      />
      <div
        className="cell"
        onClick={[Function]}
      />
      <div
        className="cell"
        onClick={[Function]}
      />
      <div
        className="cell"
        onClick={[Function]}
      />
      <div
        className="cell"
        onClick={[Function]}
      />
      <div
        className="cell"
        onClick={[Function]}
      />
      <div
        className="cell"
        onClick={[Function]}
      />
      <div
        className="cell"
        onClick={[Function]}
      />
      <div
        className="cell"
        onClick={[Function]}
      />
      <div
        className="cell"
        onClick={[Function]}
      />
      <div
        className="cell"
        onClick={[Function]}
      />
      <div
        className="cell"
        onClick={[Function]}
      />
      <div
        className="cell"
        onClick={[Function]}
      />
      <div
        className="cell"
        onClick={[Function]}
      />
      <div
        className="cell"
        onClick={[Function]}
      />
      <div
        className="cell"
        onClick={[Function]}
      />
      <div
        className="cell"
        onClick={[Function]}
      />
      <div
        className="cell"
        onClick={[Function]}
      />
      <div
        className="cell"
        onClick={[Function]}
      />
      <div
        className="cell"
        onClick={[Function]}
      />
      <div
        className="action-cell"
        onClick={[Function]}
      >
        <img
          alt="action"
          src="images/pixel-elements/exclamation.png"
        />
      </div>
      <div
        className="action-cell"
        onClick={[Function]}
      >
        <img
          alt="action"
          src="images/pixel-elements/exclamation.png"
        />
      </div>
      <div
        className="cell"
        onClick={[Function]}
      />
      <div
        className="cell"
        onClick={[Function]}
      />
      <div
        className="cell"
        onClick={[Function]}
      />
      <div
        className="cell"
        onClick={[Function]}
      />
      <div
        className="cell"
        onClick={[Function]}
      />
      <div
        className="cell"
        onClick={[Function]}
      />
      <div
        className="cell"
        onClick={[Function]}
      />
      <div
        className="cell"
        onClick={[Function]}
      />
      <div
        className="cell"
        onClick={[Function]}
      />
      <div
        className="cell"
        onClick={[Function]}
      />
      <div
        className="cell"
        onClick={[Function]}
      />
      <div
        className="cell"
        onClick={[Function]}
      />
      <div
        className="cell"
        onClick={[Function]}
      />
      <div
        className="cell"
        onClick={[Function]}
      />
      <div
        className="cell"
        onClick={[Function]}
      />
      <div
        className="cell"
        onClick={[Function]}
      />
      <div
        className="cell"
        onClick={[Function]}
      />
      <div
        className="cell"
        onClick={[Function]}
      />
      <div
        className="cell"
        onClick={[Function]}
      />
      <div
        className="cell"
        onClick={[Function]}
      />
      <div
        className="cell"
        onClick={[Function]}
      />
      <div
        className="cell"
        onClick={[Function]}
      />
      <div
        className="cell"
        onClick={[Function]}
      />
      <div
        className="cell"
        onClick={[Function]}
      />
      <div
        className="cell"
        onClick={[Function]}
      />
      <div
        className="cell"
        onClick={[Function]}
      />
      <div
        className="cell"
        onClick={[Function]}
      />
      <div
        className="cell"
        onClick={[Function]}
      />
      <div
        className="cell"
        onClick={[Function]}
      />
      <div
        className="cell"
        onClick={[Function]}
      />
      <div
        className="cell"
        onClick={[Function]}
      />
      <div
        className="cell"
        onClick={[Function]}
      />
      <div
        className="cell"
        onClick={[Function]}
      />
      <div
        className="cell"
        onClick={[Function]}
      />
      <div
        className="cell"
        onClick={[Function]}
      />
      <div
        className="cell"
        onClick={[Function]}
      />
      <div
        className="cell"
        onClick={[Function]}
      />
      <div
        className="cell"
        onClick={[Function]}
      />
      <div
        className="cell"
        onClick={[Function]}
      />
      <div
        className="cell"
        onClick={[Function]}
      />
      <div
        className="cell"
        onClick={[Function]}
      />
      <div
        className="cell"
        onClick={[Function]}
      />
      <div
        className="cell"
        onClick={[Function]}
      />
      <div
        className="cell"
        onClick={[Function]}
      />
      <div
        className="cell"
        onClick={[Function]}
      />
      <div
        className="cell"
        onClick={[Function]}
      />
      <div
        className="cell"
        onClick={[Function]}
      />
      <div
        className="cell"
        onClick={[Function]}
      />
      <div
        className="cell"
        onClick={[Function]}
      />
      <div
        className="cell"
        onClick={[Function]}
      />
      <div
        className="cell"
        onClick={[Function]}
      />
      <div
        className="cell"
        onClick={[Function]}
      />
      <div
        className="cell"
        onClick={[Function]}
      />
      <div
        className="cell"
        onClick={[Function]}
      />
      <div
        className="cell"
        onClick={[Function]}
      />
      <div
        className="cell"
        onClick={[Function]}
      />
    </div>
    <div
      className="player-animation"
    >
      <img
        alt="player"
        className="Player"
        src="/images/characters/c1/c1right2.png"
      />
    </div>
    <div
      className="UI"
    >
      <div
        className="ui-left"
      >
        <div>
          <p>
            Day 0
          </p>
          <p>
            00:00
          </p>
        </div>
      </div>
      <div
        className="ui-right"
      >
        <div
          className="money-save"
        >
          <p>
            Money: $0
          </p>
          <button
            onClick={[Function]}
          >
            Save
          </button>
        </div>
        <div
          className="title-barContainer"
        >
          <p>
            Sanity:
          </p>
          <div
            className="barContainer"
          >
            <div
              style={
                Object {
                  "backgroundColor": "#250cc7",
                  "borderRadius": "10px",
                  "height": "100%",
                  "textAlign": "right",
                  "transition": "0.25s",
                  "width": "0%",
                }
              }
            >
              <span
                className="barLabel"
              >
                0
              </span>
            </div>
          </div>
        </div>
        <div
          className="title-barContainer"
        >
          <p>
            Health:
          </p>
          <div
            className="barContainer"
          >
            <div
              style={
                Object {
                  "backgroundColor": "#ab111b",
                  "borderRadius": "10px",
                  "height": "100%",
                  "textAlign": "right",
                  "transition": "0.25s",
                  "width": "0%",
                }
              }
            >
              <span
                className="barLabel"
              >
                0
              </span>
            </div>
          </div>
        </div>
      </div>
    </div>
  </section>
</section>
`;
